src/analytics/admin-analytics.service.ts(7,10): error TS2305: Module '"../reviews/schemas/review.schema"' has no exported member 'Review'.
src/analytics/admin-analytics.service.ts(7,18): error TS2305: Module '"../reviews/schemas/review.schema"' has no exported member 'ReviewDocument'.
src/analytics/admin-analytics.service.ts(7,34): error TS2305: Module '"../reviews/schemas/review.schema"' has no exported member 'ReviewType'.
src/analytics/admin-analytics.service.ts(569,35): error TS2769: No overload matches this call.
  Overload 1 of 2, '(pipeline?: PipelineStage[] | undefined, options?: AggregateOptions | undefined): Aggregate<any[]>', gave the following error.
    Object literal may only specify known properties, but 'preserveNullAndEmpty' does not exist in type '{ path: string; includeArrayIndex?: string | undefined; preserveNullAndEmptyArrays?: boolean | undefined; }'. Did you mean to write 'preserveNullAndEmptyArrays'?
  Overload 2 of 2, '(pipeline: PipelineStage[]): Aggregate<any[]>', gave the following error.
    Object literal may only specify known properties, but 'preserveNullAndEmpty' does not exist in type '{ path: string; includeArrayIndex?: string | undefined; preserveNullAndEmptyArrays?: boolean | undefined; }'. Did you mean to write 'preserveNullAndEmptyArrays'?
src/analytics/admin-analytics.service.ts(734,35): error TS2769: No overload matches this call.
  Overload 1 of 2, '(pipeline?: PipelineStage[] | undefined, options?: AggregateOptions | undefined): Aggregate<any[]>', gave the following error.
    Object literal may only specify known properties, but 'preserveNullAndEmpty' does not exist in type '{ path: string; includeArrayIndex?: string | undefined; preserveNullAndEmptyArrays?: boolean | undefined; }'. Did you mean to write 'preserveNullAndEmptyArrays'?
  Overload 2 of 2, '(pipeline: PipelineStage[]): Aggregate<any[]>', gave the following error.
    Object literal may only specify known properties, but 'preserveNullAndEmpty' does not exist in type '{ path: string; includeArrayIndex?: string | undefined; preserveNullAndEmptyArrays?: boolean | undefined; }'. Did you mean to write 'preserveNullAndEmptyArrays'?
src/analytics/analytics.module.ts(16,10): error TS2305: Module '"../reviews/schemas/review.schema"' has no exported member 'Review'.
src/analytics/analytics.module.ts(16,19): error TS2305: Module '"../reviews/schemas/review.schema"' has no exported member 'ReviewSchema'.
src/bookings/bookings.module.ts(4,42): error TS2307: Cannot find module './schemas/booking.schema' or its corresponding type declarations.
src/bookings/bookings.service.ts(12,85): error TS2307: Cannot find module './schemas/booking.schema' or its corresponding type declarations.
src/notifications/notifications.scheduler.ts(119,13): error TS2353: Object literal may only specify known properties, and 'recipientId' does not exist in type '{ guestId: string; hostId: string; bookingId: string; propertyId: string; propertyTitle: string; guestName: string; }'.
src/notifications/notifications.scheduler.ts(131,13): error TS2353: Object literal may only specify known properties, and 'recipientId' does not exist in type '{ guestId: string; hostId: string; bookingId: string; propertyId: string; propertyTitle: string; guestName: string; }'.
src/reviews/dto/index.ts(19,10): error TS2305: Module '"../schemas/review.schema"' has no exported member 'ReviewType'.
src/reviews/dto/index.ts(19,22): error TS2305: Module '"../schemas/review.schema"' has no exported member 'ReviewerRole'.
src/reviews/reviews.controller.ts(27,10): error TS2305: Module '"./schemas/review.schema"' has no exported member 'ReviewType'.
src/reviews/reviews.module.ts(5,10): error TS2305: Module '"./schemas/review.schema"' has no exported member 'Review'.
src/reviews/reviews.module.ts(5,18): error TS2305: Module '"./schemas/review.schema"' has no exported member 'ReviewSchema'.
src/reviews/reviews.service.ts(11,10): error TS2305: Module '"./schemas/review.schema"' has no exported member 'Review'.
src/reviews/reviews.service.ts(11,18): error TS2305: Module '"./schemas/review.schema"' has no exported member 'ReviewDocument'.
src/reviews/reviews.service.ts(11,34): error TS2305: Module '"./schemas/review.schema"' has no exported member 'ReviewType'.
src/reviews/reviews.service.ts(11,46): error TS2305: Module '"./schemas/review.schema"' has no exported member 'ReviewerRole'.
